t=  0.00s health=200 latency=1334.4ms vmpeak=2407048 job_status=running phase=pre_terminal
t=  2.51s health=200 latency=1227.7ms vmpeak=2407048 job_status=running phase=pre_terminal
t=  4.85s health=200 latency=1728.2ms vmpeak=2407048 job_status=running phase=pre_terminal
t=  7.61s health=200 latency=125.3ms vmpeak=2407048 job_status=running phase=pre_terminal
t=  8.73s health=200 latency=1216.5ms vmpeak=2407048 job_status=running phase=pre_terminal
t= 11.13s health=200 latency=325.2ms vmpeak=2407048 job_status=running phase=pre_terminal
t= 12.45s health=200 latency=1413.6ms vmpeak=2407048 job_status=running phase=pre_terminal
t= 15.11s health=200 latency=149.7ms vmpeak=2407048 job_status=running phase=pre_terminal
t= 16.27s health=200 latency=1056.4ms vmpeak=2407048 job_status=running phase=pre_terminal
t= 18.49s health=200 latency=573.9ms vmpeak=2407048 job_status=running phase=pre_terminal
t= 20.07s health=200 latency=1631.7ms vmpeak=2407048 job_status=running phase=pre_terminal
t= 22.80s health=200 latency=155.6ms vmpeak=2407048 job_status=running phase=pre_terminal
t= 23.96s health=200 latency=1676.2ms vmpeak=2407048 job_status=running phase=pre_terminal
t= 26.75s health=200 latency=420.0ms vmpeak=2407048 job_status=running phase=pre_terminal
t= 28.28s health=200 latency=639.0ms vmpeak=2407048 job_status=running phase=pre_terminal
t= 29.92s health=200 latency=294.7ms vmpeak=2407048 job_status=running phase=pre_terminal
t= 31.21s health=200 latency=251.4ms vmpeak=2407048 job_status=running phase=pre_terminal
t= 32.46s health=200 latency=141.2ms vmpeak=2407048 job_status=running phase=pre_terminal
t= 33.61s health=200 latency=155.5ms vmpeak=2407048 job_status=running phase=pre_terminal
t= 34.76s health=200 latency=639.1ms vmpeak=2408712 job_status=running phase=pre_terminal
t= 36.40s health=200 latency=264.6ms vmpeak=2408712 job_status=running phase=pre_terminal
t= 37.67s health=200 latency=159.9ms vmpeak=2408712 job_status=running phase=pre_terminal
t= 38.83s health=200 latency=135.1ms vmpeak=2408712 job_status=running phase=pre_terminal
t= 39.97s health=200 latency=137.2ms vmpeak=2408712 job_status=running phase=pre_terminal
t= 41.11s health=200 latency=415.4ms vmpeak=2445812 job_status=running phase=pre_terminal
t= 42.52s health=200 latency=175.1ms vmpeak=2445812 job_status=running phase=pre_terminal
t= 43.70s health=200 latency=313.5ms vmpeak=2446836 job_status=running phase=pre_terminal
t= 45.01s health=200 latency=260.7ms vmpeak=2446836 job_status=running phase=pre_terminal
t= 46.27s health=200 latency=166.7ms vmpeak=2446836 job_status=running phase=pre_terminal
t= 47.44s health=200 latency=122.5ms vmpeak=2446836 job_status=ok phase=pre_terminal
--- job reached terminal status 'ok' at t=47.44s -- continuing to poll for 30.0s PAST this point (audit B2: iter-39's wedge appeared shortly after the terminal DB write) ---
t= 48.57s health=200 latency=130.9ms vmpeak=2446836 job_status=ok phase=post_terminal
t= 49.70s health=200 latency=119.6ms vmpeak=2446836 job_status=ok phase=post_terminal
t= 50.82s health=200 latency=115.7ms vmpeak=2446836 job_status=ok phase=post_terminal
t= 51.94s health=200 latency=127.5ms vmpeak=2446836 job_status=ok phase=post_terminal
t= 53.07s health=200 latency=115.3ms vmpeak=2446836 job_status=ok phase=post_terminal
t= 54.18s health=200 latency=96.1ms vmpeak=2446836 job_status=ok phase=post_terminal
t= 55.28s health=200 latency=93.9ms vmpeak=2446836 job_status=ok phase=post_terminal
t= 56.38s health=200 latency=90.6ms vmpeak=2446836 job_status=ok phase=post_terminal
t= 57.47s health=200 latency=95.8ms vmpeak=2446836 job_status=ok phase=post_terminal
t= 58.56s health=200 latency=97.8ms vmpeak=2446836 job_status=ok phase=post_terminal
t= 59.66s health=200 latency=89.9ms vmpeak=2446836 job_status=ok phase=post_terminal
t= 60.75s health=200 latency=96.0ms vmpeak=2446836 job_status=ok phase=post_terminal
t= 61.85s health=200 latency=91.5ms vmpeak=2446836 job_status=ok phase=post_terminal
t= 62.95s health=200 latency=93.7ms vmpeak=2446836 job_status=ok phase=post_terminal
t= 64.04s health=200 latency=91.2ms vmpeak=2446836 job_status=ok phase=post_terminal
t= 65.13s health=200 latency=93.0ms vmpeak=2446836 job_status=ok phase=post_terminal
t= 66.23s health=200 latency=91.5ms vmpeak=2446836 job_status=ok phase=post_terminal
t= 67.32s health=200 latency=94.2ms vmpeak=2446836 job_status=ok phase=post_terminal
t= 68.42s health=200 latency=90.8ms vmpeak=2446836 job_status=ok phase=post_terminal
t= 69.51s health=200 latency=96.5ms vmpeak=2446836 job_status=ok phase=post_terminal
t= 70.61s health=200 latency=91.7ms vmpeak=2446836 job_status=ok phase=post_terminal
t= 71.70s health=200 latency=96.0ms vmpeak=2446836 job_status=ok phase=post_terminal
t= 72.80s health=200 latency=94.9ms vmpeak=2446836 job_status=ok phase=post_terminal
t= 73.89s health=200 latency=92.8ms vmpeak=2446836 job_status=ok phase=post_terminal
t= 74.99s health=200 latency=91.1ms vmpeak=2446836 job_status=ok phase=post_terminal
t= 76.08s health=200 latency=94.8ms vmpeak=2446836 job_status=ok phase=post_terminal
t= 77.17s health=200 latency=92.0ms vmpeak=2446836 job_status=ok phase=post_terminal
t= 78.27s health=200 latency=96.1ms vmpeak=2446836 job_status=ok phase=post_terminal
--- post-terminal window (30.0s) elapsed with 28 additional poll(s) recorded -- stopping ---
TOTAL_POLLS=58 NON_200=0 MAX_GAP_S=2.786 POST_TERMINAL_POLLS=28 SAFETY_BACKSTOP_FIRED=False
FINAL_JOB_STATUS_JSON={"job_id": "45f34324470b46de8bc92cdfdfe9e0c8", "kind": "backfill", "start": "2026-06-16", "end": "2026-06-18", "source": null, "status": "ok", "symbols_total": 0, "symbols_ok": 0, "symbols_failed": 0, "bars_fetched": 0, "dates_total": 3, "dates_done": 3, "snapshots_created": 3, "forward_returns_inserted": 3881, "calendar_days": 3, "non_trading_days": 0, "already_snapshotted": 0, "error_other": 0, "aggregates_refreshed": ["latest_snapshot", "coverage", "membership_timeline", "market_phase", "forward_aggregates", "research_hot_keys", "index_series", "drawdown_expectations"], "chunk_index": 1, "chunk_total": 1, "passers": 0, "omitted_total": 0, "omitted": [], "stages": {"backfill": {"elapsed_seconds": 42.2244, "items_processed": 3, "concurrency": 3, "per_date_seconds_sum": 97.0193, "speedup_factor": 2.2977}}, "current_activity": "scanning 2026-06-18 (3/3)", "last_progress_at": "2026-07-31T03:50:30.076364+00:00", "completed_stages": ["backfill"], "date_failures": [], "message": "backfill: 3 snapshots over 3 dates, 3881 forward returns", "errors": [], "started_at": "2026-07-31T03:46:18.288682+00:00", "finished_at": "2026-07-31T03:50:32.543148+00:00"}
