t=  0.00s vmpeak=2517060 vmhwm=2051744 vmrss=2051744 status=running
t=  0.51s vmpeak=2517060 vmhwm=2073008 vmrss=2073008 status=running
t=  1.15s vmpeak=2517060 vmhwm=2126608 vmrss=2126608 status=running
t=  1.66s vmpeak=2539588 vmhwm=2158420 vmrss=2158424 status=running
t=  2.17s vmpeak=2546756 vmhwm=2166700 vmrss=2166700 status=running
t=  2.75s vmpeak=2549828 vmhwm=2170368 vmrss=2170368 status=running
t=  3.25s vmpeak=2553924 vmhwm=2173880 vmrss=2173880 status=running
t=  3.75s vmpeak=2555988 vmhwm=2176500 vmrss=2176500 status=running
t=  4.25s vmpeak=2558068 vmhwm=2178240 vmrss=2178240 status=running
t=  4.80s vmpeak=2561140 vmhwm=2181368 vmrss=2181368 status=running
t=  5.32s vmpeak=2563188 vmhwm=2183804 vmrss=2183804 status=running
t=  5.86s vmpeak=2567284 vmhwm=2187424 vmrss=2187424 status=running
t=  6.38s vmpeak=2569332 vmhwm=2190168 vmrss=2190168 status=running
t=  6.94s vmpeak=2573428 vmhwm=2193832 vmrss=2193832 status=running
t=  7.50s vmpeak=2576532 vmhwm=2197120 vmrss=2197120 status=running
t=  8.03s vmpeak=2578580 vmhwm=2199292 vmrss=2199292 status=running
t=  8.54s vmpeak=2581652 vmhwm=2202020 vmrss=2202020 status=running
t=  9.09s vmpeak=2583700 vmhwm=2203988 vmrss=2203988 status=running
t=  9.59s vmpeak=2586772 vmhwm=2207116 vmrss=2207116 status=running
t= 10.15s vmpeak=2588820 vmhwm=2209904 vmrss=2209904 status=running
t= 10.65s vmpeak=2590900 vmhwm=2211824 vmrss=2211824 status=running
t= 11.21s vmpeak=2592948 vmhwm=2214232 vmrss=2214232 status=running
t= 11.76s vmpeak=2597044 vmhwm=2217600 vmrss=2217600 status=running
t= 12.27s vmpeak=2597044 vmhwm=2217600 vmrss=2217600 status=running
t= 13.10s vmpeak=2601140 vmhwm=2221404 vmrss=2221432 status=running
t= 13.60s vmpeak=2603188 vmhwm=2223940 vmrss=2223940 status=running
t= 14.13s vmpeak=2605236 vmhwm=2226020 vmrss=2226020 status=running
t= 14.81s vmpeak=2607284 vmhwm=2228260 vmrss=2228260 status=running
t= 15.36s vmpeak=2610388 vmhwm=2231092 vmrss=2231092 status=running
t= 15.92s vmpeak=2612436 vmhwm=2232876 vmrss=2232876 status=running
t= 16.46s vmpeak=2614484 vmhwm=2235584 vmrss=2235592 status=running
t= 16.97s vmpeak=2617556 vmhwm=2238096 vmrss=2238096 status=running
t= 17.47s vmpeak=2619604 vmhwm=2239956 vmrss=2239956 status=running
t= 17.98s vmpeak=2620628 vmhwm=2241784 vmrss=2241784 status=running
t= 18.49s vmpeak=2623700 vmhwm=2244072 vmrss=2244072 status=running
t= 19.01s vmpeak=2625780 vmhwm=2246468 vmrss=2246468 status=running
t= 19.54s vmpeak=2628852 vmhwm=2249212 vmrss=2249212 status=running
t= 20.07s vmpeak=2630900 vmhwm=2252204 vmrss=2252204 status=running
t= 20.63s vmpeak=2633972 vmhwm=2254372 vmrss=2254372 status=running
t= 21.17s vmpeak=2637044 vmhwm=2257372 vmrss=2257372 status=running
t= 21.79s vmpeak=2640116 vmhwm=2261404 vmrss=2261404 status=running
t= 22.35s vmpeak=2643188 vmhwm=2263888 vmrss=2263888 status=running
t= 22.91s vmpeak=2645268 vmhwm=2266552 vmrss=2266552 status=running
t= 23.43s vmpeak=2647316 vmhwm=2268412 vmrss=2268412 status=running
t= 23.97s vmpeak=2649364 vmhwm=2270816 vmrss=2270816 status=running
t= 24.51s vmpeak=2652436 vmhwm=2273524 vmrss=2273524 status=running
t= 25.04s vmpeak=2653460 vmhwm=2274448 vmrss=2274448 status=running
t= 25.56s vmpeak=2654484 vmhwm=2276048 vmrss=2276048 status=running
t= 26.16s vmpeak=2657556 vmhwm=2279176 vmrss=2279176 status=running
t= 26.70s vmpeak=2661684 vmhwm=2282584 vmrss=2282584 status=running
t= 27.22s vmpeak=2663732 vmhwm=2285532 vmrss=2285532 status=running
t= 27.78s vmpeak=2666804 vmhwm=2288316 vmrss=2288316 status=running
t= 28.32s vmpeak=2666804 vmhwm=2288672 vmrss=2288672 status=running
t= 28.89s vmpeak=2668852 vmhwm=2290772 vmrss=2290772 status=running
t= 29.49s vmpeak=2672948 vmhwm=2294596 vmrss=2294596 status=running
t= 30.02s vmpeak=2674996 vmhwm=2296440 vmrss=2296440 status=running
t= 30.64s vmpeak=2678100 vmhwm=2300132 vmrss=2300132 status=running
t= 31.17s vmpeak=2678100 vmhwm=2300140 vmrss=2300140 status=running
t= 31.70s vmpeak=2681172 vmhwm=2303336 vmrss=2303336 status=running
t= 32.25s vmpeak=2685268 vmhwm=2306660 vmrss=2306660 status=running
t= 32.78s vmpeak=2687316 vmhwm=2308572 vmrss=2308576 status=running
t= 33.28s vmpeak=2688340 vmhwm=2310704 vmrss=2310704 status=running
t= 33.84s vmpeak=2691412 vmhwm=2313848 vmrss=2313848 status=running
t= 34.41s vmpeak=2694484 vmhwm=2316964 vmrss=2316964 status=running
t= 34.95s vmpeak=2695508 vmhwm=2317716 vmrss=2317716 status=running
t= 35.50s vmpeak=2697588 vmhwm=2319700 vmrss=2319700 status=running
t= 36.09s vmpeak=2700660 vmhwm=2323224 vmrss=2323224 status=running
t= 36.63s vmpeak=2703732 vmhwm=2325512 vmrss=2325512 status=running
t= 37.17s vmpeak=2703732 vmhwm=2325520 vmrss=2325520 status=running
t= 37.69s vmpeak=2706804 vmhwm=2329156 vmrss=2329156 status=running
t= 38.23s vmpeak=2708852 vmhwm=2331856 vmrss=2331856 status=running
t= 38.76s vmpeak=2708852 vmhwm=2331856 vmrss=2331856 status=running
t= 39.38s vmpeak=2708852 vmhwm=2331940 vmrss=2331940 status=running
t= 40.00s vmpeak=2711956 vmhwm=2335108 vmrss=2335108 status=running
t= 40.57s vmpeak=2716052 vmhwm=2338588 vmrss=2338588 status=running
t= 41.12s vmpeak=2717076 vmhwm=2339524 vmrss=2339524 status=running
t= 41.63s vmpeak=2719124 vmhwm=2342468 vmrss=2342468 status=running
t= 42.18s vmpeak=2723220 vmhwm=2345660 vmrss=2345660 status=running
t= 42.74s vmpeak=2723220 vmhwm=2346168 vmrss=2346168 status=running
t= 43.29s vmpeak=2726292 vmhwm=2349240 vmrss=2349240 status=running
t= 43.83s vmpeak=2729364 vmhwm=2352872 vmrss=2352872 status=running
t= 44.36s vmpeak=2729364 vmhwm=2353008 vmrss=2353008 status=running
t= 44.89s vmpeak=2733492 vmhwm=2356300 vmrss=2356300 status=running
t= 45.45s vmpeak=2736564 vmhwm=2360356 vmrss=2360356 status=running
t= 45.99s vmpeak=2736564 vmhwm=2360428 vmrss=2360428 status=running
t= 46.51s vmpeak=2740660 vmhwm=2364140 vmrss=2364140 status=running
t= 47.08s vmpeak=2741684 vmhwm=2364908 vmrss=2364908 status=running
t= 47.59s vmpeak=2743732 vmhwm=2367880 vmrss=2367880 status=running
t= 48.17s vmpeak=2748852 vmhwm=2372300 vmrss=2372300 status=running
t= 48.69s vmpeak=2760116 vmhwm=2384440 vmrss=2384440 status=running
t= 49.23s vmpeak=2770356 vmhwm=2395800 vmrss=2395800 status=running
t= 49.79s vmpeak=2782644 vmhwm=2408012 vmrss=2408012 status=running
t= 50.34s vmpeak=2794936 vmhwm=2420692 vmrss=2420692 status=running
t= 50.84s vmpeak=2805176 vmhwm=2431024 vmrss=2431028 status=running
t= 51.35s vmpeak=2819512 vmhwm=2445120 vmrss=2445120 status=running
t= 51.85s vmpeak=2827704 vmhwm=2453096 vmrss=2453096 status=running
t= 52.78s vmpeak=2838968 vmhwm=2464788 vmrss=2464788 status=running
t= 53.35s vmpeak=2851256 vmhwm=2476956 vmrss=2476956 status=running
t= 53.85s vmpeak=2860472 vmhwm=2486924 vmrss=2486928 status=running
t= 54.35s vmpeak=2874808 vmhwm=2501328 vmrss=2501328 status=running
t= 54.93s vmpeak=2889144 vmhwm=2515520 vmrss=2515520 status=running
t= 55.52s vmpeak=2902456 vmhwm=2528908 vmrss=2528908 status=running
t= 56.07s vmpeak=2912696 vmhwm=2543132 vmrss=2543136 status=running
t= 56.57s vmpeak=2929080 vmhwm=2566968 vmrss=2566980 status=running
t= 57.08s vmpeak=2941368 vmhwm=2586280 vmrss=2586280 status=running
t= 57.67s vmpeak=3076536 vmhwm=2604880 vmrss=2604880 status=running
t= 58.18s vmpeak=3076536 vmhwm=2612364 vmrss=2612364 status=running
t= 58.93s vmpeak=3076536 vmhwm=2630440 vmrss=2630440 status=running
t= 59.43s vmpeak=3076536 vmhwm=2647192 vmrss=2647192 status=running
t= 59.93s vmpeak=3076536 vmhwm=2661268 vmrss=2661268 status=running
t= 60.44s vmpeak=3076536 vmhwm=2675024 vmrss=2675024 status=running
t= 60.94s vmpeak=3083704 vmhwm=2686564 vmrss=2686564 status=running
t= 61.44s vmpeak=3092920 vmhwm=2698076 vmrss=2698080 status=running
t= 61.94s vmpeak=3103160 vmhwm=2710268 vmrss=2710268 status=running
t= 62.47s vmpeak=3114424 vmhwm=2723732 vmrss=2723732 status=running
t= 63.00s vmpeak=3121592 vmhwm=2731924 vmrss=2731924 status=running
t= 63.50s vmpeak=3132856 vmhwm=2744808 vmrss=2744808 status=running
t= 64.04s vmpeak=3145144 vmhwm=2759792 vmrss=2759792 status=running
t= 64.60s vmpeak=3145144 vmhwm=2760948 vmrss=2760948 status=running
t= 65.10s vmpeak=3145144 vmhwm=2761996 vmrss=2761996 status=running
t= 66.31s vmpeak=3145144 vmhwm=2763516 vmrss=2763516 status=running
t= 66.81s vmpeak=3145144 vmhwm=2764612 vmrss=2764612 status=running
t= 67.37s vmpeak=3145144 vmhwm=2765776 vmrss=2765776 status=running
t= 67.98s vmpeak=3145144 vmhwm=2766916 vmrss=2766916 status=running
t= 68.50s vmpeak=3145144 vmhwm=2767960 vmrss=2767960 status=running
t= 69.07s vmpeak=3145144 vmhwm=2777104 vmrss=2777104 status=running
t= 69.57s vmpeak=3145728 vmhwm=2791212 vmrss=2791212 status=running
t= 70.91s vmpeak=3145728 vmhwm=2790508 vmrss=2192412 status=failed
TOTAL_SAMPLES=128
FINAL_JOB_STATUS_JSON={"job_id": "43bd7dd7c30f4d6e8253fb604eb28e00", "kind": "backfill", "start": "2026-06-16", "end": "2026-06-18", "source": null, "status": "failed", "symbols_total": 0, "symbols_ok": 0, "symbols_failed": 0, "bars_fetched": 0, "dates_total": 3, "dates_done": 0, "snapshots_created": 0, "forward_returns_inserted": 0, "calendar_days": 3, "non_trading_days": 0, "already_snapshotted": 0, "error_other": 0, "aggregates_refreshed": [], "chunk_index": 0, "chunk_total": 1, "passers": 0, "omitted_total": 0, "omitted": [], "stages": {"backfill": {"elapsed_seconds": 82.465, "items_processed": 0, "concurrency": 3, "per_date_seconds_sum": 0.0, "speedup_factor": null}}, "current_activity": "", "last_progress_at": "2026-07-30T11:54:32.237369+00:00", "completed_stages": [], "date_failures": [], "message": "backfill: 0 snapshots over 3 dates, 0 forward returns", "errors": ["can't start new thread"], "started_at": "2026-07-30T11:54:32.237374+00:00", "finished_at": "2026-07-30T11:55:54.956664+00:00"}
