t=  0.00s vmpeak=3565104 vmhwm=3110768 vmrss=2470312 status=running
t=  0.87s vmpeak=3565104 vmhwm=3110768 vmrss=2503592 status=running
t=  1.38s vmpeak=3565104 vmhwm=3110768 vmrss=2524980 status=running
t=  1.88s vmpeak=3565104 vmhwm=3110768 vmrss=2524980 status=running
t=  2.38s vmpeak=3565104 vmhwm=3110768 vmrss=2573308 status=running
t=  2.89s vmpeak=3565104 vmhwm=3110768 vmrss=2678296 status=running
t=  4.22s vmpeak=3565104 vmhwm=3110768 vmrss=2541184 status=running
t=  4.72s vmpeak=3565104 vmhwm=3110768 vmrss=2541184 status=running
t=  5.23s vmpeak=3565104 vmhwm=3110768 vmrss=2606956 status=running
t=  5.76s vmpeak=3565104 vmhwm=3110768 vmrss=2714768 status=running
t=  6.38s vmpeak=3565104 vmhwm=3110768 vmrss=2546700 status=running
t=  6.88s vmpeak=3565104 vmhwm=3110768 vmrss=2557740 status=running
t=  7.39s vmpeak=3565104 vmhwm=3110768 vmrss=2652872 status=running
t=  8.51s vmpeak=3565104 vmhwm=3110768 vmrss=2589324 status=running
t=  9.01s vmpeak=3565104 vmhwm=3110768 vmrss=1755400 status=running
t=  9.53s vmpeak=3565104 vmhwm=3110768 vmrss=1751304 status=running
t= 10.04s vmpeak=3565104 vmhwm=3110768 vmrss=1751304 status=running
t= 10.54s vmpeak=3565104 vmhwm=3110768 vmrss=1751312 status=running
t= 11.04s vmpeak=3565104 vmhwm=3110768 vmrss=1751312 status=running
t= 11.58s vmpeak=3565104 vmhwm=3110768 vmrss=1751312 status=running
t= 12.10s vmpeak=3565104 vmhwm=3110768 vmrss=1751312 status=running
t= 12.61s vmpeak=3565104 vmhwm=3110768 vmrss=1750292 status=running
t= 13.19s vmpeak=3565104 vmhwm=3110768 vmrss=1750304 status=running
t= 13.69s vmpeak=3565104 vmhwm=3110768 vmrss=1750304 status=running
t= 14.21s vmpeak=3565104 vmhwm=3110768 vmrss=1750304 status=running
t= 14.71s vmpeak=3565104 vmhwm=3110768 vmrss=1750304 status=running
t= 15.30s vmpeak=3565104 vmhwm=3110768 vmrss=1750276 status=running
t= 15.84s vmpeak=3565104 vmhwm=3110768 vmrss=1750280 status=running
t= 16.37s vmpeak=3565104 vmhwm=3110768 vmrss=1749256 status=running
t= 16.89s vmpeak=3565104 vmhwm=3110768 vmrss=1749268 status=running
t= 17.39s vmpeak=3565104 vmhwm=3110768 vmrss=1749268 status=running
t= 17.90s vmpeak=3565104 vmhwm=3110768 vmrss=1749272 status=running
t= 18.48s vmpeak=3565104 vmhwm=3110768 vmrss=1749272 status=running
t= 19.04s vmpeak=3565104 vmhwm=3110768 vmrss=1749280 status=running
t= 19.57s vmpeak=3565104 vmhwm=3110768 vmrss=1749292 status=running
t= 20.07s vmpeak=3565104 vmhwm=3110768 vmrss=1749292 status=running
t= 20.66s vmpeak=3565104 vmhwm=3110768 vmrss=1766804 status=running
t= 21.21s vmpeak=3565104 vmhwm=3110768 vmrss=1799216 status=running
t= 21.77s vmpeak=3565104 vmhwm=3110768 vmrss=1803120 status=running
t= 22.27s vmpeak=3565104 vmhwm=3110768 vmrss=1803120 status=running
t= 22.78s vmpeak=3565104 vmhwm=3110768 vmrss=1803120 status=running
t= 23.31s vmpeak=3565104 vmhwm=3110768 vmrss=1803120 status=running
t= 23.86s vmpeak=3565104 vmhwm=3110768 vmrss=1789768 status=ok
TOTAL_SAMPLES=43
FINAL_JOB_STATUS_JSON={"job_id": "df428d6dde834e58b75fe9b94fc22906", "kind": "backfill", "start": "2026-06-16", "end": "2026-06-18", "source": null, "status": "ok", "symbols_total": 0, "symbols_ok": 0, "symbols_failed": 0, "bars_fetched": 0, "dates_total": 3, "dates_done": 3, "snapshots_created": 3, "forward_returns_inserted": 3881, "calendar_days": 3, "non_trading_days": 0, "already_snapshotted": 0, "error_other": 0, "aggregates_refreshed": ["latest_snapshot", "coverage", "membership_timeline", "market_phase", "forward_aggregates", "research_hot_keys", "index_series", "drawdown_expectations"], "chunk_index": 1, "chunk_total": 1, "passers": 0, "omitted_total": 0, "omitted": [], "stages": {"backfill": {"elapsed_seconds": 95.09, "items_processed": 3, "concurrency": 3, "per_date_seconds_sum": 7.655, "speedup_factor": 0.0805}}, "current_activity": "scanning 2026-06-18 (3/3)", "last_progress_at": "2026-07-30T12:16:12.347265+00:00", "completed_stages": ["backfill"], "date_failures": [], "message": "backfill: 3 snapshots over 3 dates, 3881 forward returns", "errors": [], "started_at": "2026-07-30T12:10:57.341186+00:00", "finished_at": "2026-07-30T12:16:14.372725+00:00"}
