t=  0.00s vmpeak=1833040 vmhwm=1457712 vmrss=1457712 status=running
t=  0.51s vmpeak=1872976 vmhwm=1513756 vmrss=1513760 status=running
t=  1.01s vmpeak=1893440 vmhwm=1541560 vmrss=1541560 status=running
t=  1.60s vmpeak=2033728 vmhwm=1595728 vmrss=1595732 status=running
t=  2.10s vmpeak=2037824 vmhwm=1653020 vmrss=1653024 status=running
t=  2.61s vmpeak=2055232 vmhwm=1676832 vmrss=1676832 status=running
t=  3.20s vmpeak=2094144 vmhwm=1732704 vmrss=1732704 status=running
t=  3.71s vmpeak=2260032 vmhwm=1786260 vmrss=1786268 status=running
t=  4.21s vmpeak=2260032 vmhwm=1824748 vmrss=1824748 status=running
t=  4.97s vmpeak=2266176 vmhwm=1882064 vmrss=1882068 status=running
t=  5.48s vmpeak=2305088 vmhwm=1937936 vmrss=1937940 status=running
t=  5.98s vmpeak=2339920 vmhwm=1986172 vmrss=1986172 status=running
t=  6.85s vmpeak=2485328 vmhwm=2041744 vmrss=2041748 status=running
t=  7.35s vmpeak=2485328 vmhwm=2094052 vmrss=2094056 status=running
t=  7.85s vmpeak=2520144 vmhwm=2148036 vmrss=2148040 status=running
t=  8.36s vmpeak=2534480 vmhwm=2168700 vmrss=2168700 status=running
t=  9.03s vmpeak=2565200 vmhwm=2213312 vmrss=2213312 status=running
t=  9.55s vmpeak=2570320 vmhwm=2219888 vmrss=2219900 status=running
t= 10.06s vmpeak=2574416 vmhwm=2223544 vmrss=2223544 status=running
t= 10.58s vmpeak=2576464 vmhwm=2225912 vmrss=2225912 status=running
t= 11.16s vmpeak=2580560 vmhwm=2229356 vmrss=2229356 status=running
t= 11.69s vmpeak=2582640 vmhwm=2231584 vmrss=2231584 status=running
t= 12.34s vmpeak=2585712 vmhwm=2234824 vmrss=2234824 status=running
t= 12.89s vmpeak=2587760 vmhwm=2237028 vmrss=2237028 status=running
t= 13.42s vmpeak=2589808 vmhwm=2239196 vmrss=2239196 status=running
t= 13.95s vmpeak=2592880 vmhwm=2241576 vmrss=2241576 status=running
t= 14.48s vmpeak=2595952 vmhwm=2245128 vmrss=2245128 status=running
t= 15.05s vmpeak=2599056 vmhwm=2248672 vmrss=2248672 status=running
t= 15.58s vmpeak=2601104 vmhwm=2249840 vmrss=2249840 status=running
t= 16.12s vmpeak=2604176 vmhwm=2253696 vmrss=2253696 status=running
t= 16.71s vmpeak=2607248 vmhwm=2256136 vmrss=2256136 status=running
t= 17.21s vmpeak=2608272 vmhwm=2257728 vmrss=2257728 status=running
t= 17.77s vmpeak=2610320 vmhwm=2259784 vmrss=2259784 status=running
t= 18.27s vmpeak=2612400 vmhwm=2262000 vmrss=2262000 status=running
t= 18.82s vmpeak=2614448 vmhwm=2263772 vmrss=2263772 status=running
t= 19.34s vmpeak=2618544 vmhwm=2267424 vmrss=2267424 status=running
t= 19.89s vmpeak=2620592 vmhwm=2269696 vmrss=2269696 status=running
t= 20.41s vmpeak=2622640 vmhwm=2272260 vmrss=2272260 status=running
t= 20.97s vmpeak=2624688 vmhwm=2273684 vmrss=2273684 status=running
t= 21.50s vmpeak=2627760 vmhwm=2277380 vmrss=2277380 status=running
t= 22.00s vmpeak=2630864 vmhwm=2279664 vmrss=2279664 status=running
t= 22.54s vmpeak=2631888 vmhwm=2281512 vmrss=2281512 status=running
t= 23.08s vmpeak=2633936 vmhwm=2283548 vmrss=2283548 status=running
t= 23.59s vmpeak=2635984 vmhwm=2284952 vmrss=2284952 status=running
t= 24.13s vmpeak=2638032 vmhwm=2286792 vmrss=2286792 status=running
t= 24.66s vmpeak=2640080 vmhwm=2288964 vmrss=2288964 status=running
t= 25.25s vmpeak=2641104 vmhwm=2290732 vmrss=2290732 status=running
t= 25.82s vmpeak=2644208 vmhwm=2293820 vmrss=2293820 status=running
t= 26.37s vmpeak=2646256 vmhwm=2295280 vmrss=2295280 status=running
t= 26.95s vmpeak=2648304 vmhwm=2297292 vmrss=2297292 status=running
t= 27.61s vmpeak=2648304 vmhwm=2297468 vmrss=2297468 status=running
t= 28.14s vmpeak=2650352 vmhwm=2299696 vmrss=2299696 status=running
t= 28.67s vmpeak=2653424 vmhwm=2302772 vmrss=2302772 status=running
t= 29.20s vmpeak=2656496 vmhwm=2305216 vmrss=2305216 status=running
t= 29.74s vmpeak=2658544 vmhwm=2308176 vmrss=2308176 status=running
t= 30.32s vmpeak=2661648 vmhwm=2310372 vmrss=2310372 status=running
t= 30.86s vmpeak=2663696 vmhwm=2312772 vmrss=2312772 status=running
t= 31.42s vmpeak=2665744 vmhwm=2315360 vmrss=2315360 status=running
t= 31.95s vmpeak=2667792 vmhwm=2317264 vmrss=2317264 status=running
t= 32.46s vmpeak=2668816 vmhwm=2318424 vmrss=2318424 status=running
t= 33.01s vmpeak=2670864 vmhwm=2320160 vmrss=2320160 status=running
t= 33.58s vmpeak=2672912 vmhwm=2322184 vmrss=2322184 status=running
t= 34.12s vmpeak=2676016 vmhwm=2324976 vmrss=2324976 status=running
t= 34.66s vmpeak=2678064 vmhwm=2327468 vmrss=2327468 status=running
t= 35.19s vmpeak=2678064 vmhwm=2327644 vmrss=2327644 status=running
t= 35.72s vmpeak=2681136 vmhwm=2330504 vmrss=2330504 status=running
t= 36.29s vmpeak=2683184 vmhwm=2332180 vmrss=2332180 status=running
t= 36.83s vmpeak=2685232 vmhwm=2335176 vmrss=2335176 status=running
t= 37.37s vmpeak=2689328 vmhwm=2338408 vmrss=2338408 status=running
t= 37.92s vmpeak=2689328 vmhwm=2338544 vmrss=2338544 status=running
t= 38.46s vmpeak=2692432 vmhwm=2341700 vmrss=2341700 status=running
t= 39.24s vmpeak=2693456 vmhwm=2343712 vmrss=2343712 status=running
t= 39.78s vmpeak=2697552 vmhwm=2347276 vmrss=2347276 status=running
t= 40.54s vmpeak=2700624 vmhwm=2351120 vmrss=2351120 status=running
t= 41.12s vmpeak=2703696 vmhwm=2353508 vmrss=2353508 status=running
t= 41.62s vmpeak=2703696 vmhwm=2353608 vmrss=2353608 status=running
t= 42.15s vmpeak=2706768 vmhwm=2356488 vmrss=2356488 status=running
t= 42.68s vmpeak=2709872 vmhwm=2359596 vmrss=2359596 status=running
t= 43.23s vmpeak=2709872 vmhwm=2359604 vmrss=2359604 status=running
t= 43.79s vmpeak=2711920 vmhwm=2362720 vmrss=2362720 status=running
t= 44.32s vmpeak=2714992 vmhwm=2365908 vmrss=2365908 status=running
t= 44.83s vmpeak=2714992 vmhwm=2365908 vmrss=2365908 status=running
t= 45.37s vmpeak=2719088 vmhwm=2369688 vmrss=2369688 status=running
t= 45.94s vmpeak=2722160 vmhwm=2372540 vmrss=2372540 status=running
t= 46.45s vmpeak=2722160 vmhwm=2372612 vmrss=2372612 status=running
t= 47.06s vmpeak=2725264 vmhwm=2376272 vmrss=2376272 status=running
t= 47.65s vmpeak=2728336 vmhwm=2379460 vmrss=2379460 status=running
t= 48.19s vmpeak=2728336 vmhwm=2379864 vmrss=2379864 status=running
t= 48.74s vmpeak=2731408 vmhwm=2382476 vmrss=2382476 status=running
t= 49.30s vmpeak=2734480 vmhwm=2386088 vmrss=2386088 status=running
t= 49.86s vmpeak=2735504 vmhwm=2386348 vmrss=2386348 status=running
t= 50.40s vmpeak=2737552 vmhwm=2389356 vmrss=2389356 status=running
t= 50.92s vmpeak=2740624 vmhwm=2392428 vmrss=2392428 status=running
t= 51.45s vmpeak=2740624 vmhwm=2392540 vmrss=2392540 status=running
t= 52.00s vmpeak=2744752 vmhwm=2396736 vmrss=2396736 status=running
t= 52.54s vmpeak=2747824 vmhwm=2399848 vmrss=2399848 status=running
t= 53.14s vmpeak=2747824 vmhwm=2399920 vmrss=2399920 status=running
t= 53.70s vmpeak=2750896 vmhwm=2403172 vmrss=2403172 status=running
t= 54.22s vmpeak=2753968 vmhwm=2405312 vmrss=2405320 status=running
t= 54.72s vmpeak=2754992 vmhwm=2406980 vmrss=2406980 status=running
t= 55.27s vmpeak=2759088 vmhwm=2410596 vmrss=2410596 status=running
t= 55.79s vmpeak=2759088 vmhwm=2410596 vmrss=2410596 status=running
t= 56.41s vmpeak=2901424 vmhwm=2422668 vmrss=2422668 status=running
t= 56.96s vmpeak=2901424 vmhwm=2435024 vmrss=2435024 status=running
t= 57.53s vmpeak=2901424 vmhwm=2447060 vmrss=2447060 status=running
t= 58.04s vmpeak=2901424 vmhwm=2458900 vmrss=2458900 status=running
t= 58.54s vmpeak=2901424 vmhwm=2471688 vmrss=2471688 status=running
t= 59.11s vmpeak=2901424 vmhwm=2486116 vmrss=2486120 status=running
t= 59.61s vmpeak=2909620 vmhwm=2498016 vmrss=2498016 status=running
t= 60.19s vmpeak=2922932 vmhwm=2512228 vmrss=2512228 status=running
t= 60.69s vmpeak=2935220 vmhwm=2524344 vmrss=2524344 status=running
t= 61.19s vmpeak=2946484 vmhwm=2535760 vmrss=2535760 status=running
t= 61.70s vmpeak=2949556 vmhwm=2538700 vmrss=2538700 status=running
t= 62.52s vmpeak=2963892 vmhwm=2553516 vmrss=2553516 status=running
t= 63.03s vmpeak=2974132 vmhwm=2563944 vmrss=2563948 status=running
t= 63.53s vmpeak=2988468 vmhwm=2578384 vmrss=2578384 status=running
t= 64.03s vmpeak=2997684 vmhwm=2588160 vmrss=2588160 status=running
t= 64.57s vmpeak=3008948 vmhwm=2600032 vmrss=2600032 status=running
t= 65.07s vmpeak=3025332 vmhwm=2617104 vmrss=2617104 status=running
t= 65.58s vmpeak=3037620 vmhwm=2635696 vmrss=2635696 status=running
t= 66.08s vmpeak=3050932 vmhwm=2650580 vmrss=2650584 status=running
t= 66.58s vmpeak=3063220 vmhwm=2664668 vmrss=2664668 status=running
t= 67.09s vmpeak=3074484 vmhwm=2678196 vmrss=2678208 status=running
t= 67.60s vmpeak=3085748 vmhwm=2691204 vmrss=2691204 status=running
t= 68.11s vmpeak=3085748 vmhwm=2691460 vmrss=2691460 status=running
t= 68.89s vmpeak=3098036 vmhwm=2705864 vmrss=2705864 status=running
t= 69.41s vmpeak=3109300 vmhwm=2719132 vmrss=2719132 status=running
t= 69.96s vmpeak=3121588 vmhwm=2732820 vmrss=2732820 status=running
t= 70.49s vmpeak=3134900 vmhwm=2748148 vmrss=2748148 status=running
t= 71.06s vmpeak=3146164 vmhwm=2761556 vmrss=2761556 status=running
t= 71.60s vmpeak=3159476 vmhwm=2776948 vmrss=2776948 status=running
t= 72.13s vmpeak=3214832 vmhwm=2811020 vmrss=2811020 status=running
t= 72.71s vmpeak=3216880 vmhwm=2813280 vmrss=2813280 status=running
t= 73.25s vmpeak=3223008 vmhwm=2819676 vmrss=2819676 status=running
t= 73.82s vmpeak=3230176 vmhwm=2827252 vmrss=2827252 status=running
t= 74.55s vmpeak=3239408 vmhwm=2836320 vmrss=2836320 status=running
t= 75.05s vmpeak=3239408 vmhwm=2837004 vmrss=2837004 status=running
t= 75.58s vmpeak=3370480 vmhwm=2840644 vmrss=2840644 status=running
t= 76.08s vmpeak=3370480 vmhwm=2843008 vmrss=2843008 status=running
t= 76.61s vmpeak=3370480 vmhwm=2851416 vmrss=2850356 status=running
t= 77.12s vmpeak=3370480 vmhwm=2853044 vmrss=2853044 status=running
t= 77.66s vmpeak=3370480 vmhwm=2856748 vmrss=2849264 status=running
t= 78.37s vmpeak=3370480 vmhwm=2856748 vmrss=2532936 status=running
t= 78.87s vmpeak=3370480 vmhwm=2856748 vmrss=2530896 status=running
t= 79.45s vmpeak=3370480 vmhwm=2856748 vmrss=2610012 status=running
t= 79.95s vmpeak=3370480 vmhwm=2856748 vmrss=2596640 status=running
t= 80.45s vmpeak=3370480 vmhwm=2856748 vmrss=2606808 status=running
t= 81.16s vmpeak=3370480 vmhwm=2856748 vmrss=2619980 status=running
t= 81.67s vmpeak=3370480 vmhwm=2856748 vmrss=2632644 status=running
t= 82.17s vmpeak=3370480 vmhwm=2856748 vmrss=2645224 status=running
t= 82.67s vmpeak=3370480 vmhwm=2856748 vmrss=2656464 status=running
t= 83.68s vmpeak=3370480 vmhwm=2856748 vmrss=2651860 status=running
t= 84.19s vmpeak=3370480 vmhwm=2856748 vmrss=2683708 status=running
t= 84.72s vmpeak=3370480 vmhwm=2856748 vmrss=2683824 status=running
t= 85.25s vmpeak=3370480 vmhwm=2856748 vmrss=2683856 status=running
t= 85.82s vmpeak=3370480 vmhwm=2856748 vmrss=2683920 status=running
t= 86.42s vmpeak=3370480 vmhwm=2856748 vmrss=2683924 status=running
t= 86.92s vmpeak=3370480 vmhwm=2856748 vmrss=2683924 status=running
t= 87.46s vmpeak=3370480 vmhwm=2856748 vmrss=2683924 status=running
t= 87.97s vmpeak=3370480 vmhwm=2856748 vmrss=2683924 status=running
t= 88.49s vmpeak=3370480 vmhwm=2856748 vmrss=2683948 status=running
t= 88.99s vmpeak=3370480 vmhwm=2856748 vmrss=2685844 status=running
t= 89.84s vmpeak=3370480 vmhwm=2856748 vmrss=2687580 status=running
t= 90.35s vmpeak=3370480 vmhwm=2856748 vmrss=2690608 status=running
t= 90.93s vmpeak=3370480 vmhwm=2856748 vmrss=2683860 status=running
t= 91.43s vmpeak=3370480 vmhwm=2856748 vmrss=2683860 status=running
t= 91.95s vmpeak=3370480 vmhwm=2856748 vmrss=2683860 status=running
t= 92.47s vmpeak=3370480 vmhwm=2856748 vmrss=2683860 status=running
t= 92.97s vmpeak=3370480 vmhwm=2856748 vmrss=2683860 status=running
t= 93.71s vmpeak=3370480 vmhwm=2856748 vmrss=2683864 status=running
t= 94.22s vmpeak=3370480 vmhwm=2856748 vmrss=2683864 status=running
t= 94.72s vmpeak=3370480 vmhwm=2856748 vmrss=2687488 status=running
t= 95.22s vmpeak=3370480 vmhwm=2856748 vmrss=2688428 status=running
t= 95.72s vmpeak=3370480 vmhwm=2856748 vmrss=2691608 status=running
t= 96.36s vmpeak=3370480 vmhwm=2856748 vmrss=2693228 status=running
t= 96.86s vmpeak=3370480 vmhwm=2856748 vmrss=2711116 status=running
t= 97.37s vmpeak=3370480 vmhwm=2856748 vmrss=2715544 status=running
t= 97.87s vmpeak=3370480 vmhwm=2856748 vmrss=2715544 status=running
t= 98.46s vmpeak=3370480 vmhwm=2856748 vmrss=2715544 status=running
t= 98.96s vmpeak=3370480 vmhwm=2856748 vmrss=2715520 status=running
t= 99.51s vmpeak=3370480 vmhwm=2856748 vmrss=2726872 status=running
t=100.04s vmpeak=3370480 vmhwm=2856748 vmrss=2726872 status=running
t=100.59s vmpeak=3370480 vmhwm=2856748 vmrss=2726872 status=running
t=101.18s vmpeak=3370480 vmhwm=2856748 vmrss=2726872 status=running
t=101.72s vmpeak=3370480 vmhwm=2856748 vmrss=2726880 status=running
t=102.27s vmpeak=3370480 vmhwm=2856748 vmrss=2726880 status=running
t=102.79s vmpeak=3370480 vmhwm=2856748 vmrss=2726880 status=running
t=103.29s vmpeak=3370480 vmhwm=2856748 vmrss=2726880 status=running
t=103.79s vmpeak=3370480 vmhwm=2856748 vmrss=2726880 status=running
t=104.30s vmpeak=3370480 vmhwm=2856748 vmrss=2726880 status=running
t=104.80s vmpeak=3370480 vmhwm=2856748 vmrss=2726884 status=running
t=105.30s vmpeak=3370480 vmhwm=2856748 vmrss=2726884 status=running
t=105.80s vmpeak=3370480 vmhwm=2856748 vmrss=2726884 status=running
t=106.30s vmpeak=3370480 vmhwm=2856748 vmrss=2726884 status=running
t=106.81s vmpeak=3370480 vmhwm=2856748 vmrss=2726884 status=running
t=107.35s vmpeak=3370480 vmhwm=2856748 vmrss=2726884 status=running
t=107.89s vmpeak=3370480 vmhwm=2856748 vmrss=2726884 status=running
t=108.40s vmpeak=3370480 vmhwm=2856748 vmrss=2726884 status=running
t=109.23s vmpeak=3370480 vmhwm=2856748 vmrss=2792912 status=running
t=109.74s vmpeak=3370480 vmhwm=2947100 vmrss=2947136 status=running
t=110.24s vmpeak=3473908 vmhwm=3005788 vmrss=3005788 status=running
t=110.75s vmpeak=3473908 vmhwm=3057376 vmrss=3057376 status=running
t=111.31s vmpeak=3473908 vmhwm=3100492 vmrss=3100492 status=running
t=111.85s vmpeak=3604964 vmhwm=3142464 vmrss=3142508 status=running
t=112.35s vmpeak=3604964 vmhwm=3165408 vmrss=3165408 status=running
t=113.15s vmpeak=3604964 vmhwm=3179840 vmrss=3179840 status=running
t=113.67s vmpeak=3604964 vmhwm=3179848 vmrss=3179848 status=running
t=114.23s vmpeak=3604964 vmhwm=3179848 vmrss=3179848 status=running
t=114.73s vmpeak=3604964 vmhwm=3180664 vmrss=3180664 status=running
t=115.67s vmpeak=3604964 vmhwm=3179720 vmrss=1682124 status=ok
TOTAL_SAMPLES=210
FINAL_JOB_STATUS_JSON={"job_id": "9df9b63e97c84a85badb1d226a03decc", "kind": "backfill", "start": "2026-06-16", "end": "2026-06-18", "source": null, "status": "ok", "symbols_total": 0, "symbols_ok": 0, "symbols_failed": 0, "bars_fetched": 0, "dates_total": 3, "dates_done": 3, "snapshots_created": 3, "forward_returns_inserted": 3881, "calendar_days": 3, "non_trading_days": 0, "already_snapshotted": 0, "error_other": 0, "aggregates_refreshed": ["latest_snapshot", "coverage", "membership_timeline", "market_phase", "forward_aggregates", "research_hot_keys", "index_series", "drawdown_expectations"], "chunk_index": 1, "chunk_total": 1, "passers": 0, "omitted_total": 0, "omitted": [], "stages": {"backfill": {"elapsed_seconds": 84.2691, "items_processed": 3, "concurrency": 3, "per_date_seconds_sum": 6.7458, "speedup_factor": 0.0801}}, "current_activity": "scanning 2026-06-18 (3/3)", "last_progress_at": "2026-07-30T12:01:15.245885+00:00", "completed_stages": ["backfill"], "date_failures": [], "message": "backfill: 3 snapshots over 3 dates, 3881 forward returns", "errors": [], "started_at": "2026-07-30T11:59:16.242398+00:00", "finished_at": "2026-07-30T12:01:17.596434+00:00"}
