t=  0.00s health=200 latency=128.3ms vmpeak=2596208 job_status=running
t=  1.13s health=200 latency=174.6ms vmpeak=2596208 job_status=running
t=  2.31s health=200 latency=191.8ms vmpeak=2596208 job_status=running
t=  3.50s health=200 latency=158.2ms vmpeak=2596208 job_status=running
t=  4.66s health=200 latency=176.0ms vmpeak=2596208 job_status=running
t=  5.83s health=200 latency=95.3ms vmpeak=2596208 job_status=running
t=  6.93s health=200 latency=213.4ms vmpeak=2596208 job_status=running
t=  8.15s health=200 latency=167.0ms vmpeak=2596208 job_status=running
t=  9.32s health=200 latency=192.9ms vmpeak=2596208 job_status=running
t= 10.52s health=200 latency=101.2ms vmpeak=2596208 job_status=running
t= 11.78s health=200 latency=97.8ms vmpeak=2596208 job_status=running
t= 12.88s health=200 latency=115.3ms vmpeak=2596208 job_status=running
t= 14.00s health=200 latency=261.5ms vmpeak=2596208 job_status=running
t= 15.26s health=200 latency=119.9ms vmpeak=2596208 job_status=running
t= 16.38s health=200 latency=97.3ms vmpeak=2596208 job_status=running
t= 17.48s health=200 latency=101.2ms vmpeak=2596208 job_status=running
t= 18.58s health=200 latency=104.4ms vmpeak=2596208 job_status=running
t= 19.69s health=200 latency=113.2ms vmpeak=2596208 job_status=running
t= 20.80s health=200 latency=179.8ms vmpeak=2596208 job_status=running
t= 22.00s health=200 latency=257.0ms vmpeak=2596208 job_status=running
t= 23.26s health=200 latency=358.8ms vmpeak=2596208 job_status=running
t= 24.62s health=200 latency=330.3ms vmpeak=2596208 job_status=running
t= 25.95s health=200 latency=104.1ms vmpeak=2596208 job_status=running
t= 27.06s health=200 latency=106.2ms vmpeak=2596208 job_status=running
t= 28.17s health=200 latency=105.9ms vmpeak=2596208 job_status=running
t= 29.27s health=200 latency=372.9ms vmpeak=2596208 job_status=running
t= 30.65s health=200 latency=110.5ms vmpeak=2596208 job_status=running
t= 31.76s health=200 latency=105.7ms vmpeak=2596208 job_status=running
t= 32.87s health=200 latency=285.9ms vmpeak=2600728 job_status=running
t= 34.15s health=200 latency=1297.0ms vmpeak=2696344 job_status=running
t= 36.45s health=200 latency=140.9ms vmpeak=2871660 job_status=running
t= 37.59s health=200 latency=136.9ms vmpeak=2898540 job_status=running
t= 38.73s health=200 latency=132.7ms vmpeak=2927212 job_status=running
t= 39.86s health=200 latency=119.4ms vmpeak=2942572 job_status=running
t= 40.99s health=200 latency=110.8ms vmpeak=2969196 job_status=running
t= 42.10s health=200 latency=190.0ms vmpeak=2982472 job_status=running
t= 43.29s health=200 latency=138.9ms vmpeak=2982472 job_status=running
t= 44.45s health=200 latency=131.4ms vmpeak=2982472 job_status=running
t= 45.58s health=200 latency=121.6ms vmpeak=2986612 job_status=running
t= 46.70s health=200 latency=720.8ms vmpeak=3100072 job_status=running
t= 48.43s health=200 latency=1054.8ms vmpeak=3100072 job_status=running
t= 50.52s health=200 latency=139.6ms vmpeak=3100072 job_status=running
t= 51.66s health=200 latency=156.3ms vmpeak=3100072 job_status=running
t= 52.82s health=200 latency=119.9ms vmpeak=3100072 job_status=running
t= 53.94s health=200 latency=127.3ms vmpeak=3100072 job_status=running
t= 55.07s health=200 latency=381.0ms vmpeak=3100072 job_status=running
t= 56.45s health=200 latency=137.4ms vmpeak=3100072 job_status=running
t= 57.59s health=200 latency=182.4ms vmpeak=3100072 job_status=running
t= 58.78s health=200 latency=1076.9ms vmpeak=3100072 job_status=running
t= 60.85s health=200 latency=182.4ms vmpeak=3100072 job_status=running
t= 62.04s health=200 latency=156.3ms vmpeak=3100072 job_status=running
t= 63.21s health=200 latency=173.8ms vmpeak=3100072 job_status=running
t= 64.38s health=200 latency=128.0ms vmpeak=3100072 job_status=running
t= 65.51s health=200 latency=128.8ms vmpeak=3100072 job_status=running
t= 66.64s health=200 latency=122.3ms vmpeak=3100072 job_status=running
t= 67.77s health=200 latency=131.2ms vmpeak=3100072 job_status=running
t= 68.90s health=200 latency=128.3ms vmpeak=3100072 job_status=running
t= 70.03s health=200 latency=132.1ms vmpeak=3100072 job_status=running
t= 71.16s health=200 latency=136.2ms vmpeak=3100072 job_status=running
t= 72.30s health=200 latency=135.3ms vmpeak=3100072 job_status=running
t= 73.43s health=200 latency=127.5ms vmpeak=3100072 job_status=running
t= 74.56s health=200 latency=287.6ms vmpeak=3100072 job_status=running
t= 75.85s health=200 latency=155.8ms vmpeak=3100072 job_status=running
t= 77.01s health=200 latency=121.7ms vmpeak=3100072 job_status=running
t= 78.13s health=200 latency=114.8ms vmpeak=3100072 job_status=running
t= 79.25s health=200 latency=545.9ms vmpeak=3100072 job_status=running
t= 80.80s health=200 latency=167.0ms vmpeak=3100072 job_status=running
t= 81.96s health=200 latency=796.8ms vmpeak=3100072 job_status=ok
TOTAL_POLLS=68 NON_200=0 MAX_GAP_S=2.298 SAFETY_BACKSTOP_FIRED=False
FINAL_JOB_STATUS_JSON={"job_id": "c67a6b0a31c040d0a666605081aef4aa", "kind": "backfill", "start": "2026-06-29", "end": "2026-06-30", "source": null, "status": "ok", "symbols_total": 0, "symbols_ok": 0, "symbols_failed": 0, "bars_fetched": 0, "dates_total": 2, "dates_done": 2, "snapshots_created": 2, "forward_returns_inserted": 1106, "calendar_days": 2, "non_trading_days": 0, "already_snapshotted": 0, "error_other": 0, "aggregates_refreshed": ["latest_snapshot", "coverage", "membership_timeline", "market_phase", "research_hot_keys", "drawdown_expectations"], "chunk_index": 1, "chunk_total": 1, "passers": 0, "omitted_total": 0, "omitted": [], "stages": {"backfill": {"elapsed_seconds": 35.9224, "items_processed": 2, "concurrency": 2, "per_date_seconds_sum": 2.9019, "speedup_factor": 0.0808}}, "current_activity": "scanning 2026-06-30 (2/2)", "last_progress_at": "2026-07-30T23:11:34.982700+00:00", "completed_stages": ["backfill"], "date_failures": [], "message": "backfill: 2 snapshots over 2 dates, 1106 forward returns", "errors": [], "started_at": "2026-07-30T23:10:16.600206+00:00", "finished_at": "2026-07-30T23:11:39.270935+00:00"}
