TRIGGERED job_id=367704f472084be2afbf991bf49126ae at_epoch=1785459816.7434845
{"job_id": "367704f472084be2afbf991bf49126ae", "kind": "backfill", "start": "2026-03-30", "end": "2026-05-04", "source": "yahoo", "symbols": null, "status": "running"}
t=  0.000s dates_done=0 status=running
t=  0.101s dates_done=1 status=running
t=  0.205s dates_done=1 status=running
t=  0.309s dates_done=1 status=running
t=  0.411s dates_done=1 status=running
t=  0.515s dates_done=1 status=running
t=  0.626s dates_done=1 status=running
t=  0.745s dates_done=1 status=running
t=  0.887s dates_done=1 status=running
t=  1.037s dates_done=1 status=running
t=  1.200s dates_done=1 status=running
t=  1.375s dates_done=1 status=running
t=  1.477s dates_done=1 status=running
t=  1.580s dates_done=1 status=running
t=  1.682s dates_done=1 status=running
t=  1.792s dates_done=1 status=running
t=  1.893s dates_done=1 status=running
t=  2.036s dates_done=1 status=running
t=  2.139s dates_done=1 status=running
t=  2.306s dates_done=1 status=running
t=  2.409s dates_done=1 status=running
t=  2.593s dates_done=1 status=running
t=  2.695s dates_done=1 status=running
t=  2.799s dates_done=1 status=running
t=  2.943s dates_done=1 status=running
t=  3.047s dates_done=1 status=running
t=  3.149s dates_done=1 status=running
t=  3.331s dates_done=1 status=running
t=  3.433s dates_done=1 status=running
t=  3.537s dates_done=1 status=running
t=  3.757s dates_done=1 status=running
t=  3.859s dates_done=1 status=running
t=  3.961s dates_done=1 status=running
t=  4.063s dates_done=1 status=running
t=  4.226s dates_done=1 status=running
t=  4.327s dates_done=1 status=running
t=  4.430s dates_done=1 status=running
t=  4.533s dates_done=1 status=running
t=  4.744s dates_done=1 status=running
t=  4.848s dates_done=1 status=running
t=  4.950s dates_done=1 status=running
t=  5.053s dates_done=1 status=running
t=  5.157s dates_done=1 status=running
t=  5.365s dates_done=1 status=running
t=  5.468s dates_done=1 status=running
t=  5.569s dates_done=1 status=running
t=  5.671s dates_done=1 status=running
t=  5.773s dates_done=1 status=running
t=  6.044s dates_done=1 status=running
t=  6.148s dates_done=1 status=running
t=  6.250s dates_done=1 status=running
t=  6.352s dates_done=1 status=running
t=  6.454s dates_done=1 status=running
t=  6.558s dates_done=1 status=running
t=  6.802s dates_done=1 status=running
t=  6.906s dates_done=1 status=running
t=  7.009s dates_done=1 status=running
t=  7.111s dates_done=1 status=running
t=  7.213s dates_done=1 status=running
t=  7.314s dates_done=1 status=running
t=  7.641s dates_done=1 status=running
t=  7.743s dates_done=1 status=running
t=  7.845s dates_done=1 status=running
t=  7.946s dates_done=1 status=running
t=  8.048s dates_done=1 status=running
t=  8.149s dates_done=1 status=running
t=  8.252s dates_done=1 status=running
t=  8.629s dates_done=1 status=running
t=  8.871s dates_done=1 status=running
t=  9.070s dates_done=1 status=running
t=  9.281s dates_done=1 status=running
t=  9.534s dates_done=1 status=running
t=  9.821s dates_done=1 status=running
t= 10.001s dates_done=1 status=running
t= 10.212s dates_done=1 status=running
t= 10.370s dates_done=1 status=running
t= 10.579s dates_done=1 status=running
t= 10.905s dates_done=1 status=running
t= 11.167s dates_done=1 status=running
t= 11.326s dates_done=1 status=running
t= 11.710s dates_done=1 status=running
t= 11.853s dates_done=1 status=running
t= 11.989s dates_done=1 status=running
t= 12.291s dates_done=1 status=running
t= 12.741s dates_done=1 status=running
t= 12.941s dates_done=1 status=running
t= 13.054s dates_done=1 status=running
t= 13.201s dates_done=1 status=running
t= 13.569s dates_done=1 status=running
t= 14.008s dates_done=1 status=running
t= 14.158s dates_done=1 status=running
t= 14.306s dates_done=1 status=running
t= 14.437s dates_done=1 status=running
t= 14.568s dates_done=1 status=running
t= 14.698s dates_done=1 status=running
t= 14.829s dates_done=1 status=running
t= 14.971s dates_done=1 status=running
t= 15.125s dates_done=1 status=running
t= 15.356s dates_done=1 status=running
t= 15.496s dates_done=1 status=running
t= 15.901s dates_done=1 status=running
t= 16.106s dates_done=1 status=running
t= 16.291s dates_done=1 status=running
t= 16.564s dates_done=1 status=running
t= 16.875s dates_done=1 status=running
t= 17.100s dates_done=1 status=running
t= 17.288s dates_done=1 status=running
t= 17.456s dates_done=1 status=running
t= 17.674s dates_done=1 status=running
t= 17.956s dates_done=1 status=running
t= 18.167s dates_done=1 status=running
t= 18.458s dates_done=1 status=running
t= 19.178s dates_done=1 status=running
t= 19.589s dates_done=1 status=running
t= 19.751s dates_done=1 status=running
t= 19.920s dates_done=1 status=running
t= 20.159s dates_done=1 status=running
t= 20.304s dates_done=1 status=running
t= 20.433s dates_done=1 status=running
t= 20.604s dates_done=1 status=running
t= 20.860s dates_done=1 status=running
t= 21.329s dates_done=1 status=running
t= 21.555s dates_done=1 status=running
t= 22.000s dates_done=1 status=running
t= 22.169s dates_done=1 status=running
t= 22.391s dates_done=1 status=running
t= 22.536s dates_done=1 status=running
t= 22.808s dates_done=1 status=running
t= 23.105s dates_done=1 status=running
t= 23.419s dates_done=1 status=running
t= 23.549s dates_done=1 status=running
t= 23.682s dates_done=1 status=running
t= 23.873s dates_done=1 status=running
t= 24.037s dates_done=2 status=running
t= 24.172s dates_done=2 status=running
t= 24.331s dates_done=3 status=running
t= 24.447s dates_done=3 status=running
t= 24.590s dates_done=4 status=running
t= 24.723s dates_done=4 status=running
t= 24.861s dates_done=5 status=running
t= 24.995s dates_done=5 status=running
t= 25.120s dates_done=6 status=running
t= 25.241s dates_done=6 status=running
t= 25.366s dates_done=7 status=running
t= 25.479s dates_done=7 status=running
t= 25.611s dates_done=8 status=running
t= 25.721s dates_done=8 status=running
t= 25.852s dates_done=9 status=running
t= 25.961s dates_done=9 status=running
t= 26.090s dates_done=10 status=running
t= 26.206s dates_done=10 status=running
t= 26.334s dates_done=11 status=running
t= 26.451s dates_done=11 status=running
t= 26.577s dates_done=12 status=running
KILLED_AT_M=12 t=26.590s pid=1343648
JOB_ID=367704f472084be2afbf991bf49126ae TOTAL_POLLS=155 LAST_DATES_DONE=12
