t=  0.00s health=200 latency=390.8ms vmpeak=1925756 job_status=running
t=  1.40s health=200 latency=591.2ms vmpeak=1931932 job_status=running
t=  2.99s health=200 latency=445.6ms vmpeak=1936028 job_status=running
t=  4.43s health=200 latency=600.3ms vmpeak=1941148 job_status=running
t=  6.04s health=200 latency=830.7ms vmpeak=1948348 job_status=running
t=  7.87s health=200 latency=879.4ms vmpeak=1953468 job_status=running
t=  9.77s health=200 latency=766.6ms vmpeak=1957564 job_status=running
t= 11.57s health=200 latency=252.5ms vmpeak=1962716 job_status=running
t= 12.82s health=200 latency=825.5ms vmpeak=1966812 job_status=running
t= 14.66s health=200 latency=235.1ms vmpeak=1970908 job_status=running
t= 15.90s health=200 latency=956.9ms vmpeak=1976060 job_status=running
t= 17.90s health=200 latency=262.3ms vmpeak=1984252 job_status=running
t= 19.17s health=200 latency=257.2ms vmpeak=1999612 job_status=running
t= 20.42s health=200 latency=164.8ms vmpeak=2016000 job_status=running
t= 21.59s health=200 latency=271.2ms vmpeak=2032384 job_status=running
t= 22.86s health=200 latency=241.7ms vmpeak=2044672 job_status=running
t= 24.11s health=200 latency=292.5ms vmpeak=2066176 job_status=running
t= 25.40s health=200 latency=216.7ms vmpeak=2083584 job_status=running
t= 26.62s health=200 latency=176.4ms vmpeak=2100992 job_status=running
t= 27.79s health=200 latency=690.0ms vmpeak=2122496 job_status=running
t= 29.49s health=200 latency=193.7ms vmpeak=2141952 job_status=running
t= 30.68s health=200 latency=226.7ms vmpeak=2162432 job_status=running
t= 31.91s health=200 latency=198.3ms vmpeak=2183936 job_status=running
t= 33.11s health=200 latency=412.9ms vmpeak=2328320 job_status=running
t= 34.52s health=200 latency=430.6ms vmpeak=2328320 job_status=running
t= 35.96s health=200 latency=217.9ms vmpeak=2328320 job_status=running
t= 37.18s health=200 latency=207.8ms vmpeak=2328320 job_status=running
t= 38.38s health=200 latency=195.0ms vmpeak=2340608 job_status=running
t= 39.58s health=200 latency=332.4ms vmpeak=2349824 job_status=running
t= 40.91s health=200 latency=224.0ms vmpeak=2358048 job_status=running
t= 42.14s health=200 latency=177.4ms vmpeak=2358048 job_status=running
t= 43.32s health=200 latency=184.0ms vmpeak=2358048 job_status=running
t= 44.50s health=200 latency=177.3ms vmpeak=2358048 job_status=running
t= 45.68s health=200 latency=179.9ms vmpeak=2358048 job_status=running
t= 46.86s health=200 latency=216.2ms vmpeak=2358048 job_status=running
t= 48.08s health=200 latency=553.7ms vmpeak=2358048 job_status=running
t= 49.63s health=200 latency=164.0ms vmpeak=2358048 job_status=running
t= 50.80s health=200 latency=465.4ms vmpeak=2358048 job_status=running
t= 52.27s health=200 latency=113.4ms vmpeak=2358048 job_status=running
t= 53.38s health=200 latency=133.6ms vmpeak=2358048 job_status=running
t= 54.52s health=200 latency=117.1ms vmpeak=2358048 job_status=running
t= 55.63s health=200 latency=172.5ms vmpeak=2358048 job_status=running
t= 56.81s health=200 latency=175.1ms vmpeak=2358048 job_status=running
t= 57.98s health=200 latency=134.3ms vmpeak=2358048 job_status=running
t= 59.12s health=200 latency=117.9ms vmpeak=2358048 job_status=running
t= 60.24s health=200 latency=149.3ms vmpeak=2358048 job_status=running
t= 61.39s health=200 latency=151.4ms vmpeak=2358048 job_status=running
t= 62.54s health=200 latency=151.2ms vmpeak=2358048 job_status=running
t= 63.69s health=200 latency=595.0ms vmpeak=2358048 job_status=running
t= 65.29s health=200 latency=122.0ms vmpeak=2358048 job_status=running
t= 66.41s health=200 latency=135.6ms vmpeak=2358048 job_status=running
t= 67.55s health=200 latency=174.8ms vmpeak=2358048 job_status=running
t= 68.72s health=200 latency=174.1ms vmpeak=2358048 job_status=running
t= 69.90s health=200 latency=2537.5ms vmpeak=2486104 job_status=running
t= 73.49s health=200 latency=1080.5ms vmpeak=2486104 job_status=running
t= 75.57s health=200 latency=227.5ms vmpeak=2625972 job_status=running
t= 76.80s health=200 latency=835.6ms vmpeak=2625972 job_status=running
t= 78.63s health=200 latency=217.9ms vmpeak=2625972 job_status=running
t= 79.85s health=200 latency=226.0ms vmpeak=2691912 job_status=running
t= 81.08s health=200 latency=1096.8ms vmpeak=2820992 job_status=running
t= 83.18s health=200 latency=464.4ms vmpeak=2820992 job_status=running
t= 84.70s health=200 latency=324.4ms vmpeak=2820992 job_status=running
t= 86.02s health=200 latency=970.7ms vmpeak=2820992 job_status=running
t= 87.99s health=200 latency=404.5ms vmpeak=2820992 job_status=running
t= 89.40s health=200 latency=543.7ms vmpeak=2820992 job_status=running
t= 90.97s health=200 latency=225.1ms vmpeak=2820992 job_status=running
t= 92.19s health=200 latency=1448.3ms vmpeak=2820992 job_status=running
t= 94.64s health=200 latency=1381.7ms vmpeak=2820992 job_status=running
t= 97.03s health=200 latency=285.4ms vmpeak=2820992 job_status=running
t= 98.31s health=200 latency=239.1ms vmpeak=2820992 job_status=running
t= 99.55s health=200 latency=825.5ms vmpeak=2820992 job_status=running
t=101.38s health=200 latency=215.3ms vmpeak=2820992 job_status=running
t=102.60s health=200 latency=304.0ms vmpeak=2820992 job_status=running
t=103.90s health=200 latency=913.1ms vmpeak=2820992 job_status=running
t=105.82s health=200 latency=258.7ms vmpeak=2820992 job_status=running
t=107.08s health=200 latency=286.4ms vmpeak=2834440 job_status=running
t=108.37s health=200 latency=308.2ms vmpeak=2834440 job_status=running
t=109.67s health=200 latency=453.4ms vmpeak=2834440 job_status=running
t=111.13s health=200 latency=163.0ms vmpeak=2834440 job_status=running
t=112.29s health=200 latency=164.2ms vmpeak=2834440 job_status=running
t=113.46s health=200 latency=763.0ms vmpeak=2834440 job_status=ok
TOTAL_POLLS=81 NON_200=0 MAX_GAP_S=3.585 SAFETY_BACKSTOP_FIRED=False
FINAL_JOB_STATUS_JSON={"job_id": "94817e260e8f47f4a1d6571337b94dbb", "kind": "backfill", "start": "2026-06-16", "end": "2026-06-18", "source": null, "status": "ok", "symbols_total": 0, "symbols_ok": 0, "symbols_failed": 0, "bars_fetched": 0, "dates_total": 3, "dates_done": 3, "snapshots_created": 3, "forward_returns_inserted": 3881, "calendar_days": 3, "non_trading_days": 0, "already_snapshotted": 0, "error_other": 0, "aggregates_refreshed": ["latest_snapshot", "coverage", "membership_timeline", "market_phase", "forward_aggregates", "research_hot_keys", "index_series", "drawdown_expectations"], "chunk_index": 1, "chunk_total": 1, "passers": 0, "omitted_total": 0, "omitted": [], "stages": {"backfill": {"elapsed_seconds": 78.6468, "items_processed": 3, "concurrency": 3, "per_date_seconds_sum": 9.1489, "speedup_factor": 0.1163}}, "current_activity": "scanning 2026-06-18 (3/3)", "last_progress_at": "2026-07-30T15:49:58.675645+00:00", "completed_stages": ["backfill"], "date_failures": [], "message": "backfill: 3 snapshots over 3 dates, 3881 forward returns", "errors": [], "started_at": "2026-07-30T15:48:03.934765+00:00", "finished_at": "2026-07-30T15:50:02.253556+00:00"}
