t=  0.00s health=200 latency=154.3ms vmpeak=2917024 job_status=running
t=  1.16s health=200 latency=150.6ms vmpeak=2917024 job_status=running
t=  2.31s health=200 latency=142.7ms vmpeak=2917024 job_status=running
t=  3.45s health=200 latency=388.9ms vmpeak=2917024 job_status=running
t=  4.84s health=200 latency=157.6ms vmpeak=2917024 job_status=running
t=  6.00s health=200 latency=188.3ms vmpeak=2917024 job_status=running
t=  7.19s health=200 latency=977.1ms vmpeak=3035020 job_status=running
t=  9.18s health=200 latency=621.1ms vmpeak=3035020 job_status=running
t= 10.85s health=200 latency=734.0ms vmpeak=3035020 job_status=running
t= 12.60s health=200 latency=445.2ms vmpeak=3035020 job_status=running
t= 14.11s health=200 latency=594.1ms vmpeak=3035020 job_status=running
t= 15.72s health=200 latency=300.0ms vmpeak=3035020 job_status=running
t= 17.04s health=200 latency=623.5ms vmpeak=3035020 job_status=running
t= 18.71s health=200 latency=709.2ms vmpeak=3035020 job_status=running
t= 20.44s health=200 latency=678.0ms vmpeak=3035020 job_status=running
t= 22.18s health=200 latency=695.9ms vmpeak=3035020 job_status=running
t= 23.90s health=200 latency=590.1ms vmpeak=3035020 job_status=running
t= 25.53s health=200 latency=566.5ms vmpeak=3035020 job_status=running
t= 27.13s health=200 latency=585.5ms vmpeak=3035020 job_status=running
t= 28.78s health=200 latency=648.3ms vmpeak=3035020 job_status=running
t= 30.46s health=200 latency=724.0ms vmpeak=3035020 job_status=running
t= 32.23s health=200 latency=507.6ms vmpeak=3035020 job_status=running
t= 33.79s health=200 latency=456.0ms vmpeak=3035036 job_status=running
t= 35.29s health=200 latency=817.1ms vmpeak=3035036 job_status=running
t= 37.14s health=200 latency=794.9ms vmpeak=3035036 job_status=running
t= 38.98s health=200 latency=614.6ms vmpeak=3035036 job_status=running
t= 40.63s health=200 latency=531.1ms vmpeak=3035036 job_status=running
t= 42.22s health=200 latency=538.2ms vmpeak=3035036 job_status=running
t= 43.78s health=200 latency=839.8ms vmpeak=3035036 job_status=running
t= 45.70s health=200 latency=810.0ms vmpeak=3035036 job_status=running
t= 47.57s health=200 latency=141.5ms vmpeak=3035036 job_status=running
t= 48.71s health=200 latency=763.0ms vmpeak=3035036 job_status=running
t= 50.49s health=200 latency=152.5ms vmpeak=3035036 job_status=running
t= 51.66s health=200 latency=167.9ms vmpeak=3035036 job_status=running
t= 52.83s health=200 latency=166.1ms vmpeak=3035036 job_status=running
t= 54.00s health=200 latency=158.3ms vmpeak=3035036 job_status=running
t= 55.16s health=200 latency=127.8ms vmpeak=3035036 job_status=running
t= 56.29s health=200 latency=129.2ms vmpeak=3035036 job_status=running
t= 57.42s health=200 latency=116.4ms vmpeak=3035036 job_status=running
t= 58.53s health=200 latency=131.1ms vmpeak=3035036 job_status=running
t= 59.67s health=200 latency=117.2ms vmpeak=3035036 job_status=running
t= 60.79s health=200 latency=454.0ms vmpeak=3035036 job_status=running
t= 62.24s health=200 latency=619.6ms vmpeak=3035036 job_status=running
t= 63.86s health=200 latency=155.0ms vmpeak=3035036 job_status=running
t= 65.02s health=200 latency=153.1ms vmpeak=3035036 job_status=running
t= 66.17s health=200 latency=142.4ms vmpeak=3035036 job_status=running
t= 67.34s health=200 latency=136.0ms vmpeak=3035036 job_status=running
t= 68.47s health=200 latency=132.5ms vmpeak=3035036 job_status=running
t= 69.61s health=200 latency=173.5ms vmpeak=3035036 job_status=running
t= 70.78s health=200 latency=126.7ms vmpeak=3035036 job_status=running
t= 71.91s health=200 latency=151.2ms vmpeak=3035036 job_status=running
t= 73.06s health=200 latency=111.8ms vmpeak=3035036 job_status=running
t= 74.18s health=200 latency=902.8ms vmpeak=3035036 job_status=running
t= 76.08s health=200 latency=183.4ms vmpeak=3039764 job_status=running
t= 77.26s health=200 latency=171.8ms vmpeak=3070008 job_status=running
t= 78.44s health=200 latency=187.2ms vmpeak=3070008 job_status=running
t= 79.63s health=200 latency=144.9ms vmpeak=3070008 job_status=running
t= 80.77s health=200 latency=110.2ms vmpeak=3070008 job_status=running
t= 81.88s health=200 latency=123.2ms vmpeak=3070008 job_status=running
t= 83.01s health=200 latency=114.3ms vmpeak=3070008 job_status=running
t= 84.12s health=200 latency=114.6ms vmpeak=3070008 job_status=running
t= 85.24s health=200 latency=117.8ms vmpeak=3070008 job_status=running
t= 86.36s health=200 latency=134.6ms vmpeak=3070008 job_status=running
t= 87.49s health=200 latency=404.1ms vmpeak=3070008 job_status=running
t= 88.90s health=200 latency=165.0ms vmpeak=3070008 job_status=running
t= 90.07s health=200 latency=165.1ms vmpeak=3070008 job_status=running
t= 91.23s health=200 latency=149.8ms vmpeak=3070008 job_status=running
t= 92.38s health=200 latency=174.5ms vmpeak=3070008 job_status=running
t= 93.56s health=200 latency=124.9ms vmpeak=3070008 job_status=running
t= 94.69s health=200 latency=231.8ms vmpeak=3070008 job_status=running
t= 95.92s health=200 latency=128.8ms vmpeak=3070008 job_status=running
t= 97.05s health=200 latency=114.2ms vmpeak=3070008 job_status=running
t= 98.16s health=200 latency=113.6ms vmpeak=3070008 job_status=running
t= 99.28s health=200 latency=816.1ms vmpeak=3070008 job_status=running
t=101.10s health=200 latency=142.3ms vmpeak=3070008 job_status=running
t=102.24s health=200 latency=160.7ms vmpeak=3070008 job_status=running
t=103.40s health=200 latency=148.1ms vmpeak=3070008 job_status=running
t=104.57s health=200 latency=182.3ms vmpeak=3072208 job_status=running
t=105.75s health=200 latency=127.3ms vmpeak=3072208 job_status=running
t=106.88s health=200 latency=120.3ms vmpeak=3072208 job_status=running
t=108.00s health=200 latency=130.5ms vmpeak=3072208 job_status=running
t=109.14s health=200 latency=117.7ms vmpeak=3072208 job_status=running
t=110.25s health=200 latency=124.5ms vmpeak=3072208 job_status=running
t=111.40s health=200 latency=866.8ms vmpeak=3072208 job_status=running
t=113.34s health=200 latency=146.0ms vmpeak=3072208 job_status=running
t=114.49s health=200 latency=501.0ms vmpeak=3072208 job_status=running
t=115.99s health=200 latency=185.9ms vmpeak=3083472 job_status=running
t=117.18s health=200 latency=151.6ms vmpeak=3103952 job_status=running
t=118.33s health=200 latency=350.0ms vmpeak=3130576 job_status=running
t=119.69s health=200 latency=135.1ms vmpeak=3159248 job_status=running
t=120.82s health=200 latency=127.6ms vmpeak=3179728 job_status=running
t=121.95s health=200 latency=277.1ms vmpeak=3204304 job_status=running
t=123.23s health=200 latency=108.7ms vmpeak=3236048 job_status=running
t=124.34s health=200 latency=127.2ms vmpeak=3256528 job_status=running
t=125.47s health=200 latency=261.0ms vmpeak=3281120 job_status=running
t=126.73s health=200 latency=124.8ms vmpeak=3316960 job_status=running
t=127.85s health=200 latency=124.4ms vmpeak=3339488 job_status=running
t=128.98s health=200 latency=1285.3ms vmpeak=3389664 job_status=running
t=131.27s health=200 latency=112.1ms vmpeak=3389664 job_status=running
t=132.38s health=200 latency=122.7ms vmpeak=3389664 job_status=running
t=133.50s health=200 latency=734.9ms vmpeak=3389664 job_status=running
t=135.24s health=200 latency=152.5ms vmpeak=3389664 job_status=running
t=136.39s health=200 latency=214.4ms vmpeak=3389664 job_status=running
t=137.64s health=200 latency=137.6ms vmpeak=3389664 job_status=running
t=138.78s health=200 latency=155.2ms vmpeak=3389664 job_status=running
t=139.94s health=200 latency=139.4ms vmpeak=3389664 job_status=running
t=141.08s health=200 latency=184.5ms vmpeak=3389664 job_status=running
t=142.27s health=200 latency=172.6ms vmpeak=3389664 job_status=running
t=143.44s health=200 latency=216.2ms vmpeak=3389664 job_status=running
t=144.66s health=200 latency=212.3ms vmpeak=3389664 job_status=running
t=145.87s health=200 latency=177.6ms vmpeak=3389664 job_status=running
t=147.05s health=200 latency=220.2ms vmpeak=3389664 job_status=running
t=148.27s health=200 latency=158.5ms vmpeak=3389664 job_status=running
t=149.43s health=200 latency=169.1ms vmpeak=3389664 job_status=running
t=150.60s health=200 latency=212.0ms vmpeak=3389664 job_status=running
t=151.81s health=200 latency=178.3ms vmpeak=3389664 job_status=running
t=152.99s health=200 latency=227.0ms vmpeak=3389664 job_status=running
t=154.22s health=200 latency=149.7ms vmpeak=3389664 job_status=running
t=155.37s health=200 latency=217.2ms vmpeak=3389664 job_status=running
t=156.59s health=200 latency=137.9ms vmpeak=3389664 job_status=running
t=157.73s health=200 latency=157.0ms vmpeak=3389664 job_status=running
t=158.89s health=200 latency=146.4ms vmpeak=3389664 job_status=running
t=160.04s health=200 latency=414.7ms vmpeak=3389664 job_status=running
t=161.45s health=200 latency=212.0ms vmpeak=3389664 job_status=running
t=162.66s health=200 latency=156.9ms vmpeak=3389664 job_status=running
t=163.82s health=200 latency=169.4ms vmpeak=3389664 job_status=running
t=164.99s health=200 latency=176.1ms vmpeak=3389664 job_status=running
t=166.17s health=200 latency=223.7ms vmpeak=3389664 job_status=running
t=167.40s health=200 latency=213.3ms vmpeak=3389664 job_status=running
t=168.61s health=200 latency=505.2ms vmpeak=3389664 job_status=running
t=170.12s health=200 latency=158.9ms vmpeak=3389664 job_status=running
t=171.28s health=200 latency=231.1ms vmpeak=3389664 job_status=running
t=172.51s health=200 latency=197.0ms vmpeak=3395984 job_status=running
t=173.71s health=200 latency=184.8ms vmpeak=3404176 job_status=running
t=174.89s health=200 latency=169.7ms vmpeak=3419128 job_status=running
t=176.06s health=200 latency=144.9ms vmpeak=3428344 job_status=running
t=177.21s health=200 latency=487.6ms vmpeak=3435512 job_status=running
t=178.76s health=200 latency=444.5ms vmpeak=3485180 job_status=running
t=180.20s health=200 latency=110.2ms vmpeak=3485180 job_status=running
t=181.32s health=200 latency=163.7ms vmpeak=3485180 job_status=running
t=182.48s health=200 latency=152.1ms vmpeak=3485180 job_status=running
t=183.63s health=200 latency=535.6ms vmpeak=3485180 job_status=running
t=185.17s health=200 latency=140.8ms vmpeak=3485180 job_status=running
t=186.31s health=200 latency=112.8ms vmpeak=3485180 job_status=running
t=187.43s health=200 latency=265.5ms vmpeak=3485180 job_status=running
t=188.69s health=200 latency=111.8ms vmpeak=3485180 job_status=running
t=189.81s health=200 latency=117.0ms vmpeak=3485180 job_status=running
t=190.92s health=200 latency=317.9ms vmpeak=3485180 job_status=running
t=192.24s health=200 latency=118.0ms vmpeak=3485180 job_status=running
t=193.38s health=200 latency=122.5ms vmpeak=3485180 job_status=running
t=194.50s health=200 latency=227.9ms vmpeak=3485180 job_status=running
t=195.73s health=200 latency=111.8ms vmpeak=3485180 job_status=running
t=196.84s health=200 latency=957.4ms vmpeak=3485180 job_status=running
t=198.80s health=200 latency=114.2ms vmpeak=3485180 job_status=running
t=199.92s health=200 latency=111.6ms vmpeak=3503616 job_status=running
t=201.03s health=200 latency=113.5ms vmpeak=3503616 job_status=running
t=202.14s health=200 latency=193.1ms vmpeak=3544580 job_status=running
t=203.34s health=200 latency=166.3ms vmpeak=3544580 job_status=running
t=204.51s health=200 latency=154.0ms vmpeak=3544580 job_status=running
t=205.67s health=200 latency=173.0ms vmpeak=3544580 job_status=running
t=206.84s health=200 latency=157.6ms vmpeak=3544580 job_status=running
t=208.00s health=200 latency=123.5ms vmpeak=3544580 job_status=running
t=209.12s health=200 latency=245.6ms vmpeak=3544580 job_status=running
t=210.37s health=200 latency=115.2ms vmpeak=3544580 job_status=running
t=211.49s health=200 latency=119.5ms vmpeak=3544580 job_status=running
t=212.61s health=200 latency=233.6ms vmpeak=3544580 job_status=running
t=213.84s health=200 latency=134.8ms vmpeak=3544580 job_status=running
t=214.98s health=200 latency=116.1ms vmpeak=3544580 job_status=running
t=216.09s health=200 latency=208.6ms vmpeak=3544580 job_status=running
t=217.31s health=200 latency=1007.6ms vmpeak=3544580 job_status=running
t=219.31s health=200 latency=405.9ms vmpeak=3544580 job_status=running
t=220.72s health=200 latency=110.3ms vmpeak=3544580 job_status=running
t=221.83s health=200 latency=110.0ms vmpeak=3544580 job_status=running
t=222.94s health=200 latency=172.1ms vmpeak=3544580 job_status=running
t=224.12s health=200 latency=143.3ms vmpeak=3544580 job_status=running
t=225.26s health=200 latency=160.5ms vmpeak=3544580 job_status=running
t=226.42s health=200 latency=198.2ms vmpeak=3544580 job_status=running
t=227.62s health=200 latency=212.4ms vmpeak=3544580 job_status=running
t=228.84s health=200 latency=246.1ms vmpeak=3544580 job_status=running
t=230.09s health=200 latency=220.6ms vmpeak=3544580 job_status=running
t=231.31s health=200 latency=229.1ms vmpeak=3544580 job_status=running
t=232.54s health=200 latency=225.0ms vmpeak=3544580 job_status=running
t=233.76s health=200 latency=235.7ms vmpeak=3544580 job_status=running
t=235.00s health=200 latency=181.4ms vmpeak=3544580 job_status=running
t=236.18s health=200 latency=465.0ms vmpeak=3544580 job_status=running
t=237.65s health=200 latency=214.2ms vmpeak=3544580 job_status=running
t=238.86s health=200 latency=255.6ms vmpeak=3544580 job_status=running
t=240.12s health=200 latency=238.2ms vmpeak=3544580 job_status=running
t=241.36s health=200 latency=240.7ms vmpeak=3544580 job_status=running
t=242.60s health=200 latency=680.6ms vmpeak=3544580 job_status=running
t=244.29s health=200 latency=248.8ms vmpeak=3544580 job_status=running
t=245.54s health=200 latency=232.3ms vmpeak=3544580 job_status=running
t=246.77s health=200 latency=228.0ms vmpeak=3544580 job_status=running
t=248.00s health=200 latency=239.6ms vmpeak=3544580 job_status=running
t=249.24s health=200 latency=247.5ms vmpeak=3544580 job_status=running
t=250.49s health=200 latency=177.1ms vmpeak=3544580 job_status=running
t=251.67s health=200 latency=225.8ms vmpeak=3544580 job_status=running
t=252.89s health=200 latency=224.7ms vmpeak=3544580 job_status=running
t=254.12s health=200 latency=219.2ms vmpeak=3544580 job_status=running
t=255.34s health=200 latency=239.8ms vmpeak=3544580 job_status=running
t=256.58s health=200 latency=608.5ms vmpeak=3544580 job_status=running
t=258.19s health=200 latency=217.5ms vmpeak=3544580 job_status=running
t=259.41s health=200 latency=224.4ms vmpeak=3544580 job_status=running
t=260.64s health=200 latency=228.8ms vmpeak=3544580 job_status=running
t=261.87s health=200 latency=233.6ms vmpeak=3544580 job_status=running
t=263.10s health=200 latency=243.8ms vmpeak=3548672 job_status=running
t=264.35s health=200 latency=223.1ms vmpeak=3553792 job_status=running
t=265.57s health=200 latency=222.4ms vmpeak=3564032 job_status=running
t=266.79s health=200 latency=232.5ms vmpeak=3572224 job_status=running
t=268.03s health=200 latency=232.1ms vmpeak=3582464 job_status=running
t=269.26s health=200 latency=231.3ms vmpeak=3591680 job_status=running
t=270.49s health=200 latency=250.5ms vmpeak=3600896 job_status=running
t=271.74s health=200 latency=279.9ms vmpeak=3606016 job_status=running
t=273.03s health=200 latency=227.9ms vmpeak=3616256 job_status=running
t=274.25s health=200 latency=253.9ms vmpeak=3624448 job_status=running
t=275.51s health=200 latency=248.8ms vmpeak=3634688 job_status=running
t=276.76s health=200 latency=246.8ms vmpeak=3643904 job_status=running
t=278.01s health=200 latency=258.5ms vmpeak=3653120 job_status=running
t=279.27s health=200 latency=609.1ms vmpeak=3660288 job_status=running
t=280.88s health=200 latency=261.2ms vmpeak=3669504 job_status=running
t=282.14s health=200 latency=1317.2ms vmpeak=3671552 job_status=running
t=284.49s health=200 latency=357.0ms vmpeak=3672628 job_status=running
t=285.85s health=200 latency=112.2ms vmpeak=3672628 job_status=running
t=286.97s health=200 latency=577.6ms vmpeak=3672628 job_status=running
t=288.55s health=200 latency=959.3ms vmpeak=3688916 job_status=running
t=290.51s health=200 latency=217.3ms vmpeak=3688916 job_status=running
t=291.72s health=200 latency=189.3ms vmpeak=3688916 job_status=running
t=292.91s health=200 latency=237.7ms vmpeak=3688916 job_status=running
t=294.15s health=200 latency=229.4ms vmpeak=3688916 job_status=running
t=295.38s health=200 latency=170.1ms vmpeak=3688916 job_status=running
t=296.56s health=200 latency=540.4ms vmpeak=3688916 job_status=running
t=298.10s health=200 latency=155.7ms vmpeak=3688916 job_status=running
t=299.25s health=200 latency=219.3ms vmpeak=3688916 job_status=running
TOTAL_POLLS=233 NON_200=0 MAX_GAP_S=2.355
FINAL_JOB_STATUS_JSON=null  # timed out before a terminal status
